// Bun Snapshot v1, https://goo.gl/fbAQLP

exports[`Prettier Plugin SDL tests Prettify test 1`] = `
"// repeated packets in bitstream
//
// should be declared in a wrapping Bitstream class
class transport_packet {
  unsigned int(8) sync_byte = 0x47;
  bit(1) transport_error_indicator;
  bit(1) payload_unit_start_indicator;
  bit(1) transport_priority;
  unsigned int(13) // odd but valid comment position
   PID;
  bit(2)* transport_scrambling_control;
  aligned(16) bit(2) adaptation_field_control = 0x0000.0000;
  computed unsigned int N = 184;
  computed float test = 1E1;
  utf8string foo = u"bar";
  computed int dummy1 = 'ABCD' '01AB';
  computed int dummy2 = lengthof(transport_scrambling_control) + N++;
  if (adaptation_field_control == 0b10 || adaptation_field_control == 0b11) {
    adaptation_field data; // previously declared class

    // N is 184 minus the number of bytes in the adaptation_field
    N = N - // and another
     1 // and another odd comment
     - data.adaptation_field_length;
  }
  if (adaptation_field_control == 0b01 || adaptation_field_control == 0b11) {
    bit(8) data_byte[N];
  }
  // odd comment before indent finishes which is associated with brace
}

map Offsets (int) {
  0b00, { 1024 },
  0b01, { 2048 }
}

computed const int BIG = 0xFFFF;
computed const int SMALL = 0b0001;

expandable(20) class odd(int a, B b) extends odder(a, 2) : bit(2) id = 2 {
  reserved unsigned int(Offsets) offset;
  computed int myArray[2];
  computed int i = 1;
  Strange s(1, 2);
  while (i < 2) {
    i++;
    i++;
    // foo
  }
  i = 2;
  do {
    i--;
    i++;
    // foo
  } while (i > 0);
  if (1) {
    i++;
    i--;
    // foo
  }
  else if (1) {
    i--;
  }
  if (1)
    if (2)
      i--;
    else
      i++;
  switch (i) {
    case 11:
    // foo
    case 0:
    case 1:
      // nothing
      break;
    case 3: {
      // foo
      i++;
    }
    case 4:
      i++;
      i--;
      break;
    // foo
    default:
      i++;
      i--;
    // foo
  }
  switch (j) {
    case 1:
    // foo
  }
  switch (k) {
    default:
  }
  switch (l) {
    case 1: {
      // foo
    }
    default: {
      // foo
    }
  }
}

class odd2(int a, int b) {
}
// until EOF
"
`;
